============================= test session starts =============================
platform win32 -- Python 3.12.4, pytest-9.0.1, pluggy-1.6.0
rootdir: C:\Users\ZERONELYSS\Desktop\PufferPet
plugins: anyio-4.9.0, hypothesis-6.148.5
collected 10 items

tests\test_v7_properties.py ......FF..                                   [100%]

================================== FAILURES ===================================
_______________ test_property_4_inventory_capacity_enforcement ________________
tests\test_v7_properties.py:211: in test_property_4_inventory_capacity_enforcement
    @given(
            
tests\test_v7_properties.py:233: in test_property_4_inventory_capacity_enforcement
    inventory = MCInventoryWindow(MockGrowthManager())
                ^^^^^^^^^^^^^^^^^^^^^^^^^^^^^^^^^^^^^^
ui_inventory.py:193: in __init__
    self._apply_pixel_font()
ui_inventory.py:198: in _apply_pixel_font
    pixel_font = ui_style.load_pixel_font()
                 ^^^^^^^^^^^^^^^^^^^^^^^^^^
ui_style.py:144: in load_font
    if font.exactMatch() or QFontDatabase.hasFamily(fallback):
                            ^^^^^^^^^^^^^^^^^^^^^^^
E   AttributeError: type object 'QFontDatabase' has no attribute 'hasFamily'
E   Falsifying example: test_property_4_inventory_capacity_enforcement(
E       num_pets=0,
E       num_to_desktop=0,
E   )
_________________ test_property_5_desktop_toggle_consistency __________________
tests\test_v7_properties.py:281: in test_property_5_desktop_toggle_consistency
    @given(
            
tests\test_v7_properties.py:304: in test_property_5_desktop_toggle_consistency
    inventory = MCInventoryWindow(MockGrowthManager())
                ^^^^^^^^^^^^^^^^^^^^^^^^^^^^^^^^^^^^^^
ui_inventory.py:193: in __init__
    self._apply_pixel_font()
ui_inventory.py:198: in _apply_pixel_font
    pixel_font = ui_style.load_pixel_font()
                 ^^^^^^^^^^^^^^^^^^^^^^^^^^
ui_style.py:144: in load_font
    if font.exactMatch() or QFontDatabase.hasFamily(fallback):
                            ^^^^^^^^^^^^^^^^^^^^^^^
E   AttributeError: type object 'QFontDatabase' has no attribute 'hasFamily'
E   Falsifying example: test_property_5_desktop_toggle_consistency(
E       initial_active=0,
E       initial_stored=0,
E       toggle_index=0,
E   )
=========================== short test summary info ===========================
FAILED tests/test_v7_properties.py::test_property_4_inventory_capacity_enforcement
FAILED tests/test_v7_properties.py::test_property_5_desktop_toggle_consistency
========================= 2 failed, 8 passed in 0.72s =========================
